// Jest Snapshot v1, https://goo.gl/fbAQLP

exports[`service: BreadcrumbService should return breadcrumbs 1`] = `
Array [
  Object {
    "id": 669445,
    "name": "Commercial & Industrial",
    "type": "ROOT_CATEGORY",
    "url": "url.url",
  },
  Object {
    "id": 669446,
    "name": "Produkte",
    "type": "CATEGORY",
    "url": "url.url",
  },
]
`;
